npm warn deprecated uuid@9.0.1: uuid@10 and below is no longer supported.  For ESM codebases, update to uuid@latest.  For CommonJS codebases, use uuid@11 (but be aware this version will likely be deprecated in 2028).
npm warn deprecated three-mesh-bvh@0.7.8: Deprecated due to three.js version incompatibility. Please use v0.8.0, instead.
npm warn deprecated @humanwhocodes/object-schema@2.0.3: Use @eslint/object-schema instead
npm warn deprecated @humanwhocodes/config-array@0.13.0: Use @eslint/config-array instead
npm warn deprecated rimraf@3.0.2: Rimraf versions prior to v4 are no longer supported
npm warn deprecated inflight@1.0.6: This module is not supported, and leaks memory. Do not use it. Check out lru-cache if you want a good and tested way to coalesce async requests by a key value, which is much more comprehensive and powerful.
npm warn deprecated eslint@8.57.1: This version is no longer supported. Please see https://eslint.org/version-support for other options.
npm warn deprecated glob@7.2.3: Glob versions prior to v9 are no longer supported
npm warn cleanup Failed to remove some directories [
npm warn cleanup   [
npm warn cleanup     'D:\\C DATA\\Documents\\my-job-portfolio-main\\node_modules\\firebase',
npm warn cleanup     [Error: EPERM: operation not permitted, rmdir 'D:\C DATA\Documents\my-job-portfolio-main\node_modules\firebase\node_modules\@firebase\auth\dist\web-extension-esm2017\src\platform_node'] {
npm warn cleanup       errno: -4048,
npm warn cleanup       code: 'EPERM',
npm warn cleanup       syscall: 'rmdir',
npm warn cleanup       path: 'D:\\C DATA\\Documents\\my-job-portfolio-main\\node_modules\\firebase\\node_modules\\@firebase\\auth\\dist\\web-extension-esm2017\\src\\platform_node'
npm warn cleanup     }
npm warn cleanup   ],
npm warn cleanup   [
npm warn cleanup     'D:\\C DATA\\Documents\\my-job-portfolio-main\\node_modules\\@firebase\\auth-compat',
npm warn cleanup     [Error: EPERM: operation not permitted, rmdir 'D:\C DATA\Documents\my-job-portfolio-main\node_modules\@firebase\auth-compat\node_modules\@firebase\auth\dist'] {
npm warn cleanup       errno: -4048,
npm warn cleanup       code: 'EPERM',
npm warn cleanup       syscall: 'rmdir',
npm warn cleanup       path: 'D:\\C DATA\\Documents\\my-job-portfolio-main\\node_modules\\@firebase\\auth-compat\\node_modules\\@firebase\\auth\\dist'
npm warn cleanup     }
npm warn cleanup   ]
npm warn cleanup ]
npm error code ECONNRESET
npm error syscall read
npm error errno -4077
npm error network read ECONNRESET
npm error network This is a problem related to network connectivity.
npm error network In most cases you are behind a proxy or have bad network settings.
npm error network
npm error network If you are behind a proxy, please make sure that the 'proxy' config is set properly.  See: 'npm help config'
npm error A complete log of this run can be found in: C:\Users\FC\AppData\Local\npm-cache\_logs\2026-06-06T13_43_46_724Z-debug-0.log

D:\C DATA\Documents\my-job-portfolio-main>